Insert Title Here
Al2O3_Given, CaO_Given, Fe2O3-T_Given, K2O_Given, MgO_Given, Na2O_Given, P2O5_Given, SiO2_Given, TiO2_Given, Ba_Given, Cr_Given, Ni_Given, Sr_Given, V_Given, Zn_Given, Mn_Given, Zr_Given, Mo_Given, Rb_Given, Cu_Given, Cl_Given, Al2O3_%, CaO_%, Fe2O3-T_%, K2O_%, MgO_%, Na2O_%, P2O5_%, SiO2_%, TiO2_%, Ba_%, Cr_%, Ni_%, Sr_%, V_%, Zn_%, Mn_%, Zr_%, Mo_%, Rb_%, Cu_%, Cl_%, Al2O3_err, CaO_err, Fe2O3-T_err, K2O_err, MgO_err, Na2O_err, P2O5_err, SiO2_err, TiO2_err, Ba_err, Cr_err, Ni_err, Sr_err, V_err, Zn_err, Mn_err, Zr_err, Mo_err, Rb_err, Cu_err, Cl_err, Al2O3_errG, CaO_errG, Fe2O3-T_errG, K2O_errG, MgO_errG, Na2O_errG, P2O5_errG, SiO2_errG, TiO2_errG, Ba_errG, Cr_errG, Ni_errG, Sr_errG, V_errG, Zn_errG, Mn_errG, Zr_errG, Mo_errG, Rb_errG, Cu_errG, Cl_errG, Al2O3_ECF, CaO_ECF, Fe2O3-T_ECF, K2O_ECF, MgO_ECF, Na2O_ECF, P2O5_ECF, SiO2_ECF, TiO2_ECF, Ba_ECF, Cr_ECF, Ni_ECF, Sr_ECF, V_ECF, Zn_ECF, Mn_ECF, Zr_ECF, Mo_ECF, Rb_ECF, Cu_ECF, Cl_ECF, Al2O3_coeff, CaO_coeff, Fe2O3-T_coeff, K2O_coeff, MgO_coeff, Na2O_coeff, P2O5_coeff, SiO2_coeff, TiO2_coeff, Ba_coeff, Cr_coeff, Ni_coeff, Sr_coeff, V_coeff, Zn_coeff, Mn_coeff, Zr_coeff, Mo_coeff, Rb_coeff, Cu_coeff, Cl_coeff, filename
13.5475, 11.4453, 11.9668, 0.5180, 7.2301, 2.1837, 0.2750, 49.8465, 2.7527, 0.0100, 0.0300, 0.0100, 0.0400, 0.0300, 0.0100, 0.1300, 0.0200, 0.0000, 0.0000, 0.0000, 0.0000, 9.5684, 11.5739, 13.4893, 1.0893, 5.4887, 4.0992, 0.3403, 35.8997, 2.8136, 0.1557, 0.0266, 0.0157, 0.0593, 0.0245, 0.0194, 0.1489, 0.0256, -1.0000, -1.0000, -1.0000, -1.0000, 0.8404, 1.1554, 1.0078, 0.7339, 0.8109, 1.1530, 0.2323, 3.7064, 0.5880, 0.1634, 0.0549, 0.0341, 0.0329, 0.0525, 0.0386, 0.1591, 0.0425, 0.0000, 0.0000, 0.0000, 0.0000, -29.4, 1.1, 12.7, 110.3, -24.1, 87.7, 23.8, -28.0, 2.2, 1457.4, -11.4, 57.0, 48.4, -18.3, 93.8, 14.5, 28.0, 0.0, 0.0, 0.0, 0.0, 1.012, 0.955, 0.991, 0.477, 0.751, 0.143, 0.767, 1.036, 0.981, 0.914, 1.237, 1.329, 1.037, 0.908, 0.895, 0.919, 1.132, -1.000, -1.000, -1.000, -1.000, 1.0115, 0.9552, 0.9912, 0.4765, 0.7519, 0.1430, 0.7674, 1.0355, 0.9815, 0.9132, 1.2379, 1.3291, 1.0377, 0.9059, 0.8957, 0.9172, 1.1322, -1.0000, -1.0000, -1.0000, -1.0000, Calibration_box_BHVO-2G_28kV_230uA_03_28_2019_bulk_sum.msa
0.0000, 7.1219, 13.7969, 1.7949, 3.5819, 3.1542, 0.3437, 54.1252, 2.2522, 0.0683, 0.0000, 0.0000, 0.0346, 0.0416, 0.0127, 0.1520, 0.0188, 0.0248, 0.0048, 0.0000, 0.0000, -1.0000, 8.0516, 15.8527, 4.4225, 4.8050, 0.0000, 0.7859, 50.4326, 2.5473, 0.0796, -1.0000, -1.0000, 0.0582, 0.0565, 0.0290, 0.1941, 0.0421, 0.0402, 0.0067, -1.0000, -1.0000, 0.0000, 0.9983, 1.1086, 2.4712, 1.3842, 0.0000, 0.2676, 13.5685, 0.6191, 0.0956, 0.0000, 0.0000, 0.0306, 0.0717, 0.0431, 0.1891, 0.0341, 0.0365, 0.0179, 0.0000, 0.0000, 0.0, 13.1, 14.9, 146.4, 34.1, -100.0, 128.6, -6.8, 13.1, 16.5, 0.0, 0.0, 68.2, 35.8, 128.2, 27.7, 123.7, 62.0, 40.3, 0.0, 0.0, -1.000, 0.944, 1.001, 0.426, 0.650, 0.034, 0.543, 0.927, 0.966, 3.136, -1.000, -1.000, 0.995, 0.841, 0.803, 0.903, 0.774, 1.069, 0.971, -1.000, -1.000, -1.0000, 0.9445, 1.0013, 0.4263, 0.6499, 0.0344, 0.5425, 0.9272, 0.9660, 3.1327, -1.0000, -1.0000, 0.9955, 0.8411, 0.8030, 0.9032, 0.7740, 1.0692, 0.9722, -1.0000, -1.0000, Calibration_box_BCR-2G_28kV_230uA_03_28_2019_bulk_sum.msa
15.4936, 13.3063, 11.2949, 0.0361, 9.7009, 1.8198, 0.0229, 47.9639, 0.9676, 0.0000, 0.0370, 0.0170, 0.0110, 0.0310, 0.0070, 0.1808, 0.0018, 0.0000, 0.0000, 0.0125, 0.0026, 19.1113, 14.4915, 10.8843, 0.0540, 14.1608, 1.7823, 0.2088, 56.8625, 1.0549, -1.0000, 0.0409, 0.0124, 0.0103, 0.0560, 0.0142, 0.1962, 0.0011, -1.0000, -1.0000, 0.0115, 0.1446, 0.9584, 0.7252, 0.5481, 0.0676, 0.7134, 0.4856, 0.1968, 2.8523, 0.3394, 0.0000, 0.0643, 0.0290, 0.0253, 0.0699, 0.0320, 0.1899, 0.0035, 0.0000, 0.0000, 0.0275, 0.1548, 23.3, 8.9, -3.6, 49.5, 46.0, -2.1, 811.2, 18.6, 9.0, 0.0, 10.5, -27.0, -6.1, 80.8, 103.4, 8.5, -36.8, 0.0, 0.0, -7.6, 5460.9, 0.740, 0.919, 1.006, 0.843, 0.511, 0.511, 0.543, 0.803, 0.945, -1.000, 1.163, 1.686, 1.190, 0.740, 0.796, 0.913, 0.774, -1.000, -1.000, 1.241, 0.693, 0.7400, 0.9195, 1.0058, 0.8430, 0.5114, 0.5112, 0.5421, 0.8032, 0.9445, -1.0000, 1.1635, 1.6859, 1.1898, 0.7398, 0.7959, 0.9132, 0.7739, -1.0000, -1.0000, 1.2409, 0.6921, Calibration_box_BIR-1G_28kV_230uA_03_28_2019_bulk_sum.msa
