PIQUANT, Calibration File,     written, 2021-08-10 08:17:10
Element, Emission line, Fit qualifier, Type, Percent, Uncertainty,  Oxide ratio, Weight, ECF, ECF Sigma, Intensity, Atomic number
COMMENT, Standards Input File for PIQUANT
STANDARD, BHVO-2, Basalt Hawaiian Volcanic Observatory
Density, 1.5796
Al, , , el, 13.5475%, 0.2%, 1.5,   1.00, 0.6682, 0.1%, 951184.9, 13
Ca, , , el, 11.4453%, 0.2%, 1.0,   1.00, 0.9577, 0.0%, 26241154.0, 20
Fe, , , el, 11.9668%, 0.6%, 1.5,   1.00, 1.0174, 0.0%, 56597504.0, 26
K, , , el, 0.5180%, 0.0%, 0.5,   1.00, 1.0273, 0.1%, 998335.9, 19
Mg, , , el, 7.2301%, 0.2%, 1.0,   1.00, 0.5196, 0.3%, 144564.5, 12
Na, , , el, 2.1837%, 0.1%, 0.5,   1.00, 0.2538, 3.1%, 4639.9, 11
P, , , el, 0.2750%, 0.0%, 2.5,   1.00, 1.0110, 0.6%, 75218.8, 15
Si, , , el, 49.8465%, 0.4%, 2.0,   1.00, 0.7267, 0.0%, 7855763.5, 14
Ti, , , el, 2.7527%, 0.1%, 2.0,   1.00, 0.9485, 0.0%, 7221319.5, 22
Ba, , , el, 0.0100%, 0.0%, 0.0,   1.00, 19.4786, 0.5%, 491399.2, 56
Ce, , M, el, 0.0000%, 0.0%, 0.0
Cr, , , el, 0.0300%, 0.0%, 0.0,   1.00, 1.1573, 0.4%, 231924.1, 24
Dy, , M, el, 0.0000%, 0.0%, 0.0
Er, , M, el, 0.0000%, 0.0%, 0.0
Eu, , M, el, 0.0000%, 0.0%, 0.0
Ga, , M, el, 0.0000%, 0.0%, 0.0
Gd, , M, el, 0.0000%, 0.0%, 0.0
La, , M, el, 0.0000%, 0.0%, 0.0
Lu, , M, el, 0.0000%, 0.0%, 0.0
Nb, , M, el, 0.0000%, 0.0%, 0.0
Nd, , M, el, 0.0000%, 0.0%, 0.0
Ni, , , el, 0.0100%, 0.0%, 0.0,   1.00, 1.7898, 0.8%, 92414.5, 28
Rb, , M, el, 0.0000%, 0.0%, 0.0
Sc, , M, el, 0.0000%, 0.0%, 0.0
Sm, , M, el, 0.0000%, 0.0%, 0.0
Sr, , , el, 0.0400%, 0.0%, 0.0,   1.00, 1.3137, 1.4%, 28842.5, 38
Th, , M, el, 0.0000%, 0.0%, 0.0
Tm, , M, el, 0.0000%, 0.0%, 0.0
U, , M, el, 0.0000%, 0.0%, 0.0
V, , , el, 0.0300%, 0.0%, 0.0,   1.00, 0.8042, 1.1%, 132749.9, 23
Y, , M, el, 0.0000%, 0.0%, 0.0
Yb, , M, el, 0.0000%, 0.0%, 0.0
Zn, , , el, 0.0100%, 0.0%, 0.0,   1.00, 1.4877, 1.2%, 62148.7, 30
Be, , M, el, 0.0000%, 0.0%, 0.0
Co, , M, el, 0.0000%, 0.0%, 0.0
Ge, , M, el, 0.0000%, 0.0%, 0.0
Ho, , M, el, 0.0000%, 0.0%, 0.0
Li, , M, el, 0.0000%, 0.0%, 0.0
Mn, , , el, 0.1300%, 0.0%, 0.0,   1.00, 1.0133, 0.2%, 856696.9, 25
Mo, , M, el, 0.0000%, 0.0%, 0.0
Pb, , M, el, 0.0000%, 0.0%, 0.0
Sb, , M, el, 0.0000%, 0.0%, 0.0
Tb, , M, el, 0.0000%, 0.0%, 0.0
Zr, , , el, 0.0200%, 0.0%, 0.0,   1.00, 1.2397, 4.3%, 6960.6, 40
Ar, , I
SPECTRUM, ./test-data/PIQUANT_test_data_May2020/Input_files_PIQUANT_test_data_May2020/Calibration_box_BHVO-2G_28kV_230uA_03_28_2019_bulk_sum.msa

STANDARD, BCR-2, Basalt, Columbia River
Density, 1.8
Ca, , , el, 7.1219%, 1.6%, 1.0,   1.00, 1.0035, 0.0%, 16418819.0, 20
Fe, , , el, 13.7969%, 1.6%, 1.5,   1.00, 1.0525, 0.0%, 65909216.0, 26
K, , , el, 1.7949%, 2.7%, 0.5,   1.00, 1.0551, 0.1%, 3456650.0, 19
Mg, , , el, 3.5819%, 1.4%, 1.0,   1.00, 0.8719, 0.3%, 112122.5, 12
Na, , , el, 3.1542%, 3.4%, 0.5,   1.00, 0.5318, 1.3%, 13313.2, 11
P, , , el, 0.3437%, 6.7%, 2.5,   1.00, 1.2953, 0.4%, 118179.3, 15
Si, , , el, 54.1252%, 1.6%, 2.0,   1.00, 0.8590, 0.0%, 11182259.0, 14
Ti, , , el, 2.2522%, 2.2%, 2.0,   1.00, 1.0132, 0.1%, 6417342.0, 22
Ba, , , el, 0.0683%, 4.1%, 0.0,   1.00, 3.6309, 0.4%, 634055.4, 56
Ce, , X, el, 0.0053%, 3.8%, 0.0
Co, , X, el, 0.0037%, 8.1%, 0.0
Cr, , X, el, 0.0018%, 11.1%, 0.0
Eu, , X, el, 0.0002%, 5.0%, 0.0
Ga, , X, el, 0.0023%, 8.7%, 0.0
Gd, , X, el, 0.0007%, 4.4%, 0.0
La, , X, el, 0.0025%, 4.0%, 0.0
Mn, , , el, 0.1520%, 3.9%, 0.0,   1.00, 1.0707, 0.1%, 1051360.8, 25
Mo, , , el, 0.0248%, 6.9%, 0.0,   1.00, 1.5546, 4.4%, 5020.7, 42
Nd, , X, el, 0.0028%, 7.1%, 0.0
Rb, , , el, 0.0048%, 4.2%, 0.0,   1.00, 1.0089, 13.0%, 3353.1, 37
Sc, , X, el, 0.0033%, 6.1%, 0.0
Sr, , , el, 0.0346%, 4.0%, 0.0,   1.00, 1.4980, 1.6%, 25736.7, 38
Th, , X, el, 0.0006%, 11.3%, 0.0
U, , X, el, 0.0002%, 11.2%, 0.0
V, , , el, 0.0416%, 3.4%, 0.0,   1.00, 1.0917, 0.6%, 253518.1, 23
Y, , X, el, 0.0037%, 5.4%, 0.0
Yb, , X, el, 0.0003%, 5.7%, 0.0
Zn, , , el, 0.0127%, 7.1%, 0.0,   1.00, 1.6599, 0.9%, 80269.4, 30
Zr, , , el, 0.0188%, 8.5%, 0.0,   1.00, 1.5551, 4.0%, 7412.9, 40
Cs, , X, el, 0.0001%, 9.1%, 0.0
Cu, , X, el, 0.0019%, 10.5%, 0.0
F, , X, el, 0.0440%, 0.0%, 0.0
Hf, , X, el, 0.0005%, 4.2%, 0.0
Ho, , X, el, 0.0001%, 4.5%, 0.0
Li, , X, el, 0.0009%, 22.2%, 0.0
Lu, , X, el, 0.0001%, 3.9%, 0.0
Pb, , X, el, 0.0011%, 18.2%, 0.0
Pr, , X, el, 0.0007%, 4.4%, 0.0
Sm, , X, el, 0.0007%, 4.5%, 0.0
Tb, , X, el, 0.0001%, 3.7%, 0.0
Tm, , X, el, 0.0001%, 0.0%, 0.0
Ar, , I
SPECTRUM, ./test-data/PIQUANT_test_data_May2020/Input_files_PIQUANT_test_data_May2020/Calibration_box_BCR-2G_28kV_230uA_03_28_2019_bulk_sum.msa

STANDARD, BIR1-G, Basalt
Density, 1.6
Si, , , el, 47.9639%, 0.8%, 2.0,   1.00, 0.9472, 0.0%, 9632876.0, 14
Al, , , el, 15.4936%, 1.8%, 1.5,   1.00, 0.9181, 0.1%, 1480167.4, 13
Ca, , , el, 13.3063%, 1.3%, 1.0,   1.00, 1.0000, 0.0%, 32213758.0, 20
Mg, , , el, 9.7009%, 1.4%, 1.0,   1.00, 0.7766, 0.2%, 296183.4, 12
Fe, , , el, 11.2949%, 1.5%, 1.5,   1.00, 1.0062, 0.0%, 53860680.0, 26
Na, , , el, 1.8198%, 3.3%, 0.5,   1.00, 0.5256, 2.0%, 8173.1, 11
K, , , el, 0.0361%, 10.0%, 0.5,   1.00, 1.1944, 0.6%, 81614.6, 19
Mn, , , el, 0.1808%, 2.1%, 1.0,   1.00, 0.9898, 0.1%, 916744.9, 25
P, , , el, 0.0229%, 10.0%, 2.5,   1.00, 4.8377, 1.2%, 30033.4, 15
Ti, , , el, 0.9676%, 1.7%, 2.0,   1.00, 1.0418, 0.1%, 2747958.8, 22
Cu, , , el, 0.0125%, 3.2%, 0.0,   1.00, 1.2576, 1.0%, 74802.0, 29
Dy, , X, el, 0.0004%, 25.0%, 0.0
Ce, , X, el, 0.0002%, 21.1%, 0.0
Co, , X, el, 0.0052%, 3.8%, 0.0
Cr, , , el, 0.0370%, 2.2%, 0.0,   1.00, 1.2337, 0.3%, 309323.1, 24
Eu, , X, el, 0.0000%, 10.0%, 0.0
Gd, , X, el, 0.0002%, 22.2%, 0.0
Hf, , X, el, 0.0001%, 13.3%, 0.0
Nd, , X, el, 0.0002%, 28.0%, 0.0
Ni, , , el, 0.0170%, 3.5%, 0.0,   1.00, 1.3404, 0.7%, 121246.2, 28
La, , X, el, 0.0001%, 11.1%, 0.0
Li, , X, el, 0.0004%, 5.6%, 0.0
Sc, , X, el, 0.0044%, 2.3%, 0.0
Sr, , , el, 0.0110%, 1.8%, 0.0,   1.00, 1.2088, 5.0%, 7546.8, 38
V, , , el, 0.0310%, 3.5%, 0.0,   1.00, 1.2481, 0.5%, 210684.2, 23
Y, , , el, 0.0016%, 6.2%, 0.0,   0.00, 2.6728, 18.0%, 1745.1, 39
Yb, , X, el, 0.0002%, 5.9%, 0.0
Zn, , , el, 0.0070%, 12.9%, 0.0,   1.00, 1.7535, 1.3%, 52870.0, 30
Zr, , , el, 0.0018%, 5.6%, 0.0,   1.00, 0.5313, 100.4%, 277.9, 40
As, , X, el, 0.0000%, 0.0%, 0.0
B, , X, el, 0.0000%, 0.0%, 0.0
Ba, , X, el, 0.0007%, 0.0%, 0.0
Be, , X, el, 0.0001%, 0.0%, 0.0
Cl, , , el, 0.0026%, 0.0%, 0.0,   1.00, 38.2125, 0.5%, 151859.3, 17
F, , X, el, 0.0044%, 0.0%, 0.0
Ga, , X, el, 0.0016%, 0.0%, 0.0
Lu, , X, el, 0.0000%, 0.0%, 0.0
Nb, , X, el, 0.0001%, 0.0%, 0.0
Pb, , X, el, 0.0003%, 0.0%, 0.0
Sb, , X, el, 0.0001%, 0.0%, 0.0
Sm, , X, el, 0.0001%, 0.0%, 0.0
Ar, , I
SPECTRUM, ./test-data/PIQUANT_test_data_May2020/Input_files_PIQUANT_test_data_May2020/Calibration_box_BIR-1G_28kV_230uA_03_28_2019_bulk_sum.msa

